TakeABreak                              
    version                                  : 1.1.0
    gatb-core-library                        : 1.1.0
Parameters                              
    Input data                              
        Reads                                    : /Users/clemaitr/DATA/NGSdata/TakeABreak/ch22_new/humch22c_reads.fasta,/Users/clemaitr/DATA/NGSdata/TakeABreak/ch22_new/humch22c.inv_reads.fasta
    Graph                                   
        kmer-size                                : 31
        abundance                                : 3
        nb_solid_kmers                           : 31694953
        nb_branching_nodes                       : 421604
    Inversions                              
        repeat                                   : 8
        max_sim                                  : 80
        LCT                                      : 100
Results                                 
    nb_occurrences                           : 6421
    nb_distinct_solutions                    : 1128
    time                                     : 84.0 s
    output_files                            
        graph_file                               : newtests/test3.h5
        solution_file                            : newtests/test3.fasta
