TakeABreak                              
    version                                  : 1.1.2
    gatb-core-library                        : 1.1.1
    supported_kmer_sizes                     : 32 64 96 128 256
Parameters                              
    Input data                              
        Graph                                    : newtests/test3.h5
    Graph                                   
        kmer-size                                : 31
        nb_banks                                 : 2
        solidity_kind                            : one
        abundance_min (used)                     : 3 3 
        abundance_max                            : 2147483647
        nb_solid_kmers                           : 31642653
        nb_branching_nodes                       : 397494
    Inversions                              
        repeat                                   : 15
        max_sim                                  : 95
        LCT                                      : 1000
Results                                 
    nb_occurrences                           : 2296960
    nb_distinct_solutions                    : 55301
    time                                     : 294.0 s
    output_files                            
        solution_file                            : newtests/test4.fasta
