TakeABreak                              
    version                                  : 1.1.0
    gatb-core-library                        : 1.0.6
Parameters                              
    Input data                              
        Reads                                    : /Users/clemaitr/DATA/NGSdata/LbFV_raw_data/Varaldi_LbFV_TTCAGC_L001_R1_001.fastq
    Graph                                   
        kmer-size                                : 200
        abundance_min                            : 300
        abundance_max                            : 4294967295
        solidity_kind                            : sum
        nb_solid_kmers                           : 109373
        nb_branching_nodes                       : 196
    Inversions                              
        repeat                                   : 8
        max_sim                                  : 80
        LCT                                      : 100
Results                                 
    nb_occurrences                           : 0
    nb_distinct_solutions                    : 0
    time                                     : 1.0 s
    output_files                            
        graph_file                               : newtests/test6.h5
        solution_file                            : newtests/test6.fasta
